../Middleware/FreeRTOS/tasks.c:1631:20:prvCreateTask	48	static
../Middleware/FreeRTOS/tasks.c:1729:16:xTaskCreate	40	static
../Middleware/FreeRTOS/tasks.c:1804:13:prvInitialiseNewTask	40	static,ignoring_inline_asm
../Middleware/FreeRTOS/tasks.c:2030:17:prvAddNewTaskToReadyList	40	static
../Middleware/FreeRTOS/tasks.c:2202:10:vTaskDelete	32	static,ignoring_inline_asm
../Middleware/FreeRTOS/tasks.c:2354:16:xTaskDelayUntil	48	static,ignoring_inline_asm
../Middleware/FreeRTOS/tasks.c:2446:10:vTaskDelay	24	static,ignoring_inline_asm
../Middleware/FreeRTOS/tasks.c:2496:16:eTaskGetState	48	static,ignoring_inline_asm
../Middleware/FreeRTOS/tasks.c:2628:17:uxTaskPriorityGet	24	static
../Middleware/FreeRTOS/tasks.c:2654:17:uxTaskPriorityGetFromISR	40	static,ignoring_inline_asm
../Middleware/FreeRTOS/tasks.c:2702:17:uxTaskBasePriorityGet	24	static
../Middleware/FreeRTOS/tasks.c:2728:17:uxTaskBasePriorityGetFromISR	40	static,ignoring_inline_asm
../Middleware/FreeRTOS/tasks.c:2776:10:vTaskPrioritySet	48	static,ignoring_inline_asm
../Middleware/FreeRTOS/tasks.c:3132:10:vTaskSuspend	32	static,ignoring_inline_asm
../Middleware/FreeRTOS/tasks.c:3294:23:prvTaskIsTaskSuspended	32	static,ignoring_inline_asm
../Middleware/FreeRTOS/tasks.c:3364:10:vTaskResume	32	static,ignoring_inline_asm
../Middleware/FreeRTOS/tasks.c:3425:16:xTaskResumeFromISR	48	static,ignoring_inline_asm
../Middleware/FreeRTOS/tasks.c:3522:19:prvCreateIdleTasks	48	static
../Middleware/FreeRTOS/tasks.c:3676:6:vTaskStartScheduler	24	static,ignoring_inline_asm
../Middleware/FreeRTOS/tasks.c:3779:6:vTaskEndScheduler	16	static,ignoring_inline_asm
../Middleware/FreeRTOS/tasks.c:3822:6:vTaskSuspendAll	8	static,ignoring_inline_asm
../Middleware/FreeRTOS/tasks.c:3967:12:xTaskResumeAll	40	static,ignoring_inline_asm
../Middleware/FreeRTOS/tasks.c:4117:12:xTaskGetTickCount	16	static
../Middleware/FreeRTOS/tasks.c:4136:12:xTaskGetTickCountFromISR	16	static
../Middleware/FreeRTOS/tasks.c:4171:13:uxTaskGetNumberOfTasks	8	static
../Middleware/FreeRTOS/tasks.c:4183:8:pcTaskGetName	24	static,ignoring_inline_asm
../Middleware/FreeRTOS/tasks.c:4396:17:uxTaskGetSystemState	32	static
../Middleware/FreeRTOS/tasks.c:4476:22:xTaskGetIdleTaskHandle	16	static,ignoring_inline_asm
../Middleware/FreeRTOS/tasks.c:4490:18:xTaskGetIdleTaskHandleForCore	24	static,ignoring_inline_asm
../Middleware/FreeRTOS/tasks.c:4557:12:xTaskCatchUpTicks	24	static,ignoring_inline_asm
../Middleware/FreeRTOS/tasks.c:4681:12:xTaskIncrementTick	48	static,ignoring_inline_asm
../Middleware/FreeRTOS/tasks.c:5067:10:vTaskSwitchContext	32	static,ignoring_inline_asm
../Middleware/FreeRTOS/tasks.c:5254:6:vTaskPlaceOnEventList	24	static,ignoring_inline_asm
../Middleware/FreeRTOS/tasks.c:5283:6:vTaskPlaceOnUnorderedEventList	40	static,ignoring_inline_asm
../Middleware/FreeRTOS/tasks.c:5315:10:vTaskPlaceOnEventListRestricted	32	static,ignoring_inline_asm
../Middleware/FreeRTOS/tasks.c:5352:12:xTaskRemoveFromEventList	48	static,ignoring_inline_asm
../Middleware/FreeRTOS/tasks.c:5445:6:vTaskRemoveFromUnorderedEventList	40	static,ignoring_inline_asm
../Middleware/FreeRTOS/tasks.c:5517:6:vTaskSetTimeOutState	24	static,ignoring_inline_asm
../Middleware/FreeRTOS/tasks.c:5533:6:vTaskInternalSetTimeOutState	16	static
../Middleware/FreeRTOS/tasks.c:5545:12:xTaskCheckForTimeOut	40	static,ignoring_inline_asm
../Middleware/FreeRTOS/tasks.c:5614:6:vTaskMissedYield	8	static
../Middleware/FreeRTOS/tasks.c:5627:17:uxTaskGetTaskNumber	24	static
../Middleware/FreeRTOS/tasks.c:5654:10:vTaskSetTaskNumber	24	static
../Middleware/FreeRTOS/tasks.c:5759:8:prvIdleTask	16	static,ignoring_inline_asm
../Middleware/FreeRTOS/tasks.c:6022:13:prvInitialiseTaskLists	16	static
../Middleware/FreeRTOS/tasks.c:6054:13:prvCheckTasksWaitingTermination	16	static
../Middleware/FreeRTOS/tasks.c:6132:10:vTaskGetInfo	32	static
../Middleware/FreeRTOS/tasks.c:6279:24:prvListTasksWithinSingleList	40	static
../Middleware/FreeRTOS/tasks.c:6318:35:prvTaskCheckFreeStackSpace	24	static
../Middleware/FreeRTOS/tasks.c:6414:17:prvDeleteTCB	16	static
../Middleware/FreeRTOS/tasks.c:6467:13:prvResetNextTaskUnblockTime	4	static
../Middleware/FreeRTOS/tasks.c:6491:22:xTaskGetCurrentTaskHandle	16	static
../Middleware/FreeRTOS/tasks.c:6526:18:xTaskGetCurrentTaskHandleForCore	24	static
../Middleware/FreeRTOS/tasks.c:6551:16:xTaskGetSchedulerState	16	static
../Middleware/FreeRTOS/tasks.c:6591:16:xTaskPriorityInherit	32	static
../Middleware/FreeRTOS/tasks.c:6694:16:xTaskPriorityDisinherit	40	static,ignoring_inline_asm
../Middleware/FreeRTOS/tasks.c:6788:10:vTaskPriorityDisinheritAfterTimeout	48	static,ignoring_inline_asm
../Middleware/FreeRTOS/tasks.c:7580:12:uxTaskResetEventItemValue	16	static
../Middleware/FreeRTOS/tasks.c:7600:18:pvTaskIncrementMutexHeldCount	16	static
../Middleware/FreeRTOS/tasks.c:7625:14:ulTaskGenericNotifyTake	40	static,ignoring_inline_asm
../Middleware/FreeRTOS/tasks.c:7728:16:xTaskGenericNotifyWait	40	static,ignoring_inline_asm
../Middleware/FreeRTOS/tasks.c:7843:16:xTaskGenericNotify	64	static,ignoring_inline_asm
../Middleware/FreeRTOS/tasks.c:7963:16:xTaskGenericNotifyFromISR	80	static,ignoring_inline_asm
../Middleware/FreeRTOS/tasks.c:8129:10:vTaskGenericNotifyGiveFromISR	72	static,ignoring_inline_asm
../Middleware/FreeRTOS/tasks.c:8245:16:xTaskGenericNotifyStateClear	32	static,ignoring_inline_asm
../Middleware/FreeRTOS/tasks.c:8283:14:ulTaskGenericNotifyValueClear	40	static,ignoring_inline_asm
../Middleware/FreeRTOS/tasks.c:8426:13:prvAddCurrentTaskToDelayedList	40	static
../Middleware/FreeRTOS/tasks.c:8656:6:vTaskResetState	16	static
